This is pdfTeX, Version 3.141592653-2.6-1.40.24 (TeX Live 2022) (preloaded format=pdflatex 2022.9.15)  1 OCT 2026 06:01
entering extended mode
 restricted \write18 enabled.
 %&-line parsing enabled.
**output/hotel-figure-comparison/hotel-figures-before-after.tex
(./output/hotel-figure-comparison/hotel-figures-before-after.tex
LaTeX2e <2021-11-15> patch level 1
L3 programming layer <2022-02-24>
(/usr/local/texlive/2022/texmf-dist/tex/latex/base/article.cls
Document Class: article 2021/10/04 v1.4n Standard LaTeX document class
(/usr/local/texlive/2022/texmf-dist/tex/latex/base/size10.clo
File: size10.clo 2021/10/04 v1.4n Standard LaTeX file (size option)
)
\c@part=\count185
\c@section=\count186
\c@subsection=\count187
\c@subsubsection=\count188
\c@paragraph=\count189
\c@subparagraph=\count190
\c@figure=\count191
\c@table=\count192
\abovecaptionskip=\skip47
\belowcaptionskip=\skip48
\bibindent=\dimen138
)
(/usr/local/texlive/2022/texmf-dist/tex/latex/geometry/geometry.sty
Package: geometry 2020/01/02 v5.9 Page Geometry

(/usr/local/texlive/2022/texmf-dist/tex/latex/graphics/keyval.sty
Package: keyval 2014/10/28 v1.15 key=value parser (DPC)
\KV@toks@=\toks16
)
(/usr/local/texlive/2022/texmf-dist/tex/generic/iftex/ifvtex.sty
Package: ifvtex 2019/10/25 v1.7 ifvtex legacy package. Use iftex instead.

(/usr/local/texlive/2022/texmf-dist/tex/generic/iftex/iftex.sty
Package: iftex 2022/02/03 v1.0f TeX engine tests
))
\Gm@cnth=\count193
\Gm@cntv=\count194
\c@Gm@tempcnt=\count195
\Gm@bindingoffset=\dimen139
\Gm@wd@mp=\dimen140
\Gm@odd@mp=\dimen141
\Gm@even@mp=\dimen142
\Gm@layoutwidth=\dimen143
\Gm@layoutheight=\dimen144
\Gm@layouthoffset=\dimen145
\Gm@layoutvoffset=\dimen146
\Gm@dimlist=\toks17
)
(/usr/local/texlive/2022/texmf-dist/tex/latex/graphics/graphicx.sty
Package: graphicx 2021/09/16 v1.2d Enhanced LaTeX Graphics (DPC,SPQR)

(/usr/local/texlive/2022/texmf-dist/tex/latex/graphics/graphics.sty
Package: graphics 2021/03/04 v1.4d Standard LaTeX Graphics (DPC,SPQR)

(/usr/local/texlive/2022/texmf-dist/tex/latex/graphics/trig.sty
Package: trig 2021/08/11 v1.11 sin cos tan (DPC)
)
(/usr/local/texlive/2022/texmf-dist/tex/latex/graphics-cfg/graphics.cfg
File: graphics.cfg 2016/06/04 v1.11 sample graphics configuration
)
Package graphics Info: Driver file: pdftex.def on input line 107.

(/usr/local/texlive/2022/texmf-dist/tex/latex/graphics-def/pdftex.def
File: pdftex.def 2020/10/05 v1.2a Graphics/color driver for pdftex
))
\Gin@req@height=\dimen147
\Gin@req@width=\dimen148
)
(/usr/local/texlive/2022/texmf-dist/tex/latex/base/fontenc.sty
Package: fontenc 2021/04/29 v2.0v Standard LaTeX package
)
(/usr/local/texlive/2022/texmf-dist/tex/latex/psnfss/helvet.sty
Package: helvet 2020/03/25 PSNFSS-v9.3 (WaS) 
)
LaTeX Font Info:    Trying to load font information for T1+phv on input line 9.


(/usr/local/texlive/2022/texmf-dist/tex/latex/psnfss/t1phv.fd
File: t1phv.fd 2020/03/25 scalable font definitions for T1/phv.
)
(/usr/local/texlive/2022/texmf-dist/tex/latex/l3backend/l3backend-pdftex.def
File: l3backend-pdftex.def 2022-02-07 L3 backend support: PDF output (pdfTeX)
\l__color_backend_stack_int=\count196
\l__pdf_internal_box=\box50
)
(output/hotel-figure-comparison/hotel-figures-before-after.aux)
\openout1 = `hotel-figures-before-after.aux'.

LaTeX Font Info:    Checking defaults for OML/cmm/m/it on input line 9.
LaTeX Font Info:    ... okay on input line 9.
LaTeX Font Info:    Checking defaults for OMS/cmsy/m/n on input line 9.
LaTeX Font Info:    ... okay on input line 9.
LaTeX Font Info:    Checking defaults for OT1/cmr/m/n on input line 9.
LaTeX Font Info:    ... okay on input line 9.
LaTeX Font Info:    Checking defaults for T1/cmr/m/n on input line 9.
LaTeX Font Info:    ... okay on input line 9.
LaTeX Font Info:    Checking defaults for TS1/cmr/m/n on input line 9.
LaTeX Font Info:    ... okay on input line 9.
LaTeX Font Info:    Checking defaults for OMX/cmex/m/n on input line 9.
LaTeX Font Info:    ... okay on input line 9.
LaTeX Font Info:    Checking defaults for U/cmr/m/n on input line 9.
LaTeX Font Info:    ... okay on input line 9.

*geometry* driver: auto-detecting
*geometry* detected driver: pdftex
*geometry* verbose mode - [ preamble ] result:
* driver: pdftex
* paper: custom
* layout: <same size as paper>
* layoutoffset:(h,v)=(0.0pt,0.0pt)
* modes: 
* h-part:(L,W,R)=(32.52127pt, 1380.35745pt, 32.52127pt)
* v-part:(T,H,B)=(32.52127pt, 802.19745pt, 32.52127pt)
* \paperwidth=1445.4pt
* \paperheight=867.23999pt
* \textwidth=1380.35745pt
* \textheight=802.19745pt
* \oddsidemargin=-39.74872pt
* \evensidemargin=-39.74872pt
* \topmargin=-76.74872pt
* \headheight=12.0pt
* \headsep=25.0pt
* \topskip=10.0pt
* \footskip=30.0pt
* \marginparwidth=65.0pt
* \marginparsep=11.0pt
* \columnsep=10.0pt
* \skip\footins=9.0pt plus 4.0pt minus 2.0pt
* \hoffset=0.0pt
* \voffset=0.0pt
* \mag=1000
* \@twocolumnfalse
* \@twosidefalse
* \@mparswitchfalse
* \@reversemarginfalse
* (1in=72.27pt=25.4mm, 1cm=28.453pt)

(/usr/local/texlive/2022/texmf-dist/tex/context/base/mkii/supp-pdf.mkii
[Loading MPS to PDF converter (version 2006.09.02).]
\scratchcounter=\count197
\scratchdimen=\dimen149
\scratchbox=\box51
\nofMPsegments=\count198
\nofMParguments=\count199
\everyMPshowfont=\toks18
\MPscratchCnt=\count266
\MPscratchDim=\dimen150
\MPnumerator=\count267
\makeMPintoPDFobject=\count268
\everyMPtoPDFconversion=\toks19
) (/usr/local/texlive/2022/texmf-dist/tex/latex/epstopdf-pkg/epstopdf-base.sty
Package: epstopdf-base 2020-01-24 v2.11 Base part for package epstopdf

(/usr/local/texlive/2022/texmf-dist/tex/generic/infwarerr/infwarerr.sty
Package: infwarerr 2019/12/03 v1.5 Providing info/warning/error messages (HO)
)
(/usr/local/texlive/2022/texmf-dist/tex/latex/grfext/grfext.sty
Package: grfext 2019/12/03 v1.3 Manage graphics extensions (HO)

(/usr/local/texlive/2022/texmf-dist/tex/generic/kvdefinekeys/kvdefinekeys.sty
Package: kvdefinekeys 2019-12-19 v1.6 Define keys (HO)
)) (/usr/local/texlive/2022/texmf-dist/tex/latex/kvoptions/kvoptions.sty
Package: kvoptions 2020-10-07 v3.14 Key value format for package options (HO)

(/usr/local/texlive/2022/texmf-dist/tex/generic/ltxcmds/ltxcmds.sty
Package: ltxcmds 2020-05-10 v1.25 LaTeX kernel commands for general use (HO)
)
(/usr/local/texlive/2022/texmf-dist/tex/generic/kvsetkeys/kvsetkeys.sty
Package: kvsetkeys 2019/12/15 v1.18 Key value parser (HO)
))
(/usr/local/texlive/2022/texmf-dist/tex/generic/pdftexcmds/pdftexcmds.sty
Package: pdftexcmds 2020-06-27 v0.33 Utility functions of pdfTeX for LuaTeX (HO
)
Package pdftexcmds Info: \pdf@primitive is available.
Package pdftexcmds Info: \pdf@ifprimitive is available.
Package pdftexcmds Info: \pdfdraftmode found.
)
Package epstopdf-base Info: Redefining graphics rule for `.eps' on input line 4
85.
Package grfext Info: Graphics extension search list:
(grfext)             [.pdf,.png,.jpg,.mps,.jpeg,.jbig2,.jb2,.PDF,.PNG,.JPG,.JPE
G,.JBIG2,.JB2,.eps]
(grfext)             \AppendGraphicsExtensions on input line 504.

(/usr/local/texlive/2022/texmf-dist/tex/latex/latexconfig/epstopdf-sys.cfg
File: epstopdf-sys.cfg 2010/07/13 v1.3 Configuration of (r)epstopdf for TeX Liv
e
))
LaTeX Font Info:    External font `cmex10' loaded for size
(Font)              <7> on input line 12.
LaTeX Font Info:    External font `cmex10' loaded for size
(Font)              <5> on input line 12.


pdfTeX warning: pdflatex (file ./archive:pre-Sep2026-costar-rerun:/figures/raw/
fig4-ts-revpar-adr.pdf): PDF inclusion: found PDF version <1.6>, but at most ve
rsion <1.5> allowed
<archive:pre-Sep2026-costar-rerun:/figures/raw/fig4-ts-revpar-adr.pdf, id=1, 74
4.7825pt x 544.14995pt>
File: archive:pre-Sep2026-costar-rerun:/figures/raw/fig4-ts-revpar-adr.pdf Grap
hic file (type pdf)
<use archive:pre-Sep2026-costar-rerun:/figures/raw/fig4-ts-revpar-adr.pdf>
Package pdftex.def Info: archive:pre-Sep2026-costar-rerun:/figures/raw/fig4-ts-
revpar-adr.pdf  used on input line 14.
(pdftex.def)             Requested size: 679.35553pt x 496.34796pt.
<figures/raw/fig4-ts-revpar-adr.pdf, id=2, 722.7pt x 650.43pt>
File: figures/raw/fig4-ts-revpar-adr.pdf Graphic file (type pdf)
<use figures/raw/fig4-ts-revpar-adr.pdf>
Package pdftex.def Info: figures/raw/fig4-ts-revpar-adr.pdf  used on input line
 14.
(pdftex.def)             Requested size: 679.33809pt x 611.40428pt.
[1

{/usr/local/texlive/2022/texmf-var/fonts/map/pdftex/updmap/pdftex.map} <./archi
ve:pre-Sep2026-costar-rerun:/figures/raw/fig4-ts-revpar-adr.pdf> <./figures/raw
/fig4-ts-revpar-adr.pdf>]
<archive:pre-Sep2026-costar-rerun:/figures/raw/fig4-pooled-est.pdf, id=64, 578.
16pt x 361.35pt>
File: archive:pre-Sep2026-costar-rerun:/figures/raw/fig4-pooled-est.pdf Graphic
 file (type pdf)
<use archive:pre-Sep2026-costar-rerun:/figures/raw/fig4-pooled-est.pdf>
Package pdftex.def Info: archive:pre-Sep2026-costar-rerun:/figures/raw/fig4-poo
led-est.pdf  used on input line 21.
(pdftex.def)             Requested size: 679.37338pt x 424.60837pt.
<figures/raw/fig4-pooled-est.pdf, id=65, 578.16pt x 361.35pt>
File: figures/raw/fig4-pooled-est.pdf Graphic file (type pdf)
<use figures/raw/fig4-pooled-est.pdf>
Package pdftex.def Info: figures/raw/fig4-pooled-est.pdf  used on input line 21
.
(pdftex.def)             Requested size: 679.37338pt x 424.60837pt.
 [2 <./archive:pre-Sep2026-costar-rerun:/figures/raw/fig4-pooled-est.pdf> <./fi
gures/raw/fig4-pooled-est.pdf>]
<archive:pre-Sep2026-costar-rerun:/figures/raw/fig5-impact-hetero.pdf, id=81, 8
67.24pt x 722.7pt>
File: archive:pre-Sep2026-costar-rerun:/figures/raw/fig5-impact-hetero.pdf Grap
hic file (type pdf)
<use archive:pre-Sep2026-costar-rerun:/figures/raw/fig5-impact-hetero.pdf>
Package pdftex.def Info: archive:pre-Sep2026-costar-rerun:/figures/raw/fig5-imp
act-hetero.pdf  used on input line 28.
(pdftex.def)             Requested size: 679.36899pt x 566.14081pt.
<figures/raw/fig5-impact-hetero.pdf, id=82, 867.24pt x 722.7pt>
File: figures/raw/fig5-impact-hetero.pdf Graphic file (type pdf)
<use figures/raw/fig5-impact-hetero.pdf>
Package pdftex.def Info: figures/raw/fig5-impact-hetero.pdf  used on input line
 28.
(pdftex.def)             Requested size: 679.36899pt x 566.14081pt.
 [3 <./archive:pre-Sep2026-costar-rerun:/figures/raw/fig5-impact-hetero.pdf> <.
/figures/raw/fig5-impact-hetero.pdf>]
<archive:pre-Sep2026-costar-rerun:/figures/raw/figX_ADRRevPAR_yoy_full_plot.pdf
, id=96, 578.16pt x 578.16pt>
File: archive:pre-Sep2026-costar-rerun:/figures/raw/figX_ADRRevPAR_yoy_full_plo
t.pdf Graphic file (type pdf)
<use archive:pre-Sep2026-costar-rerun:/figures/raw/figX_ADRRevPAR_yoy_full_plot
.pdf>
Package pdftex.def Info: archive:pre-Sep2026-costar-rerun:/figures/raw/figX_ADR
RevPAR_yoy_full_plot.pdf  used on input line 35.
(pdftex.def)             Requested size: 679.37338pt x 679.37338pt.
<figures/raw/figX_ADRRevPAR_yoy_full_plot.pdf, id=97, 578.16pt x 578.16pt>
File: figures/raw/figX_ADRRevPAR_yoy_full_plot.pdf Graphic file (type pdf)
<use figures/raw/figX_ADRRevPAR_yoy_full_plot.pdf>
Package pdftex.def Info: figures/raw/figX_ADRRevPAR_yoy_full_plot.pdf  used on 
input line 35.
(pdftex.def)             Requested size: 679.37338pt x 679.37338pt.
 [4 <./archive:pre-Sep2026-costar-rerun:/figures/raw/figX_ADRRevPAR_yoy_full_pl
ot.pdf> <./figures/raw/figX_ADRRevPAR_yoy_full_plot.pdf>]
<archive:pre-Sep2026-costar-rerun:/figures/raw/ADR_yoy_sep25mar26_plot.pdf, id=
111, 578.16pt x 578.16pt>
File: archive:pre-Sep2026-costar-rerun:/figures/raw/ADR_yoy_sep25mar26_plot.pdf
 Graphic file (type pdf)
<use archive:pre-Sep2026-costar-rerun:/figures/raw/ADR_yoy_sep25mar26_plot.pdf>

Package pdftex.def Info: archive:pre-Sep2026-costar-rerun:/figures/raw/ADR_yoy_
sep25mar26_plot.pdf  used on input line 42.
(pdftex.def)             Requested size: 679.37338pt x 679.37338pt.
<figures/raw/ADR_yoy_sep25mar26_plot.pdf, id=112, 578.16pt x 578.16pt>
File: figures/raw/ADR_yoy_sep25mar26_plot.pdf Graphic file (type pdf)
<use figures/raw/ADR_yoy_sep25mar26_plot.pdf>
Package pdftex.def Info: figures/raw/ADR_yoy_sep25mar26_plot.pdf  used on input
 line 42.
(pdftex.def)             Requested size: 679.37338pt x 679.37338pt.

[5 <./archive:pre-Sep2026-costar-rerun:/figures/raw/ADR_yoy_sep25mar26_plot.pdf
> <./figures/raw/ADR_yoy_sep25mar26_plot.pdf>]
<archive:pre-Sep2026-costar-rerun:/figures/raw/fig1_IndusryBackgroundTS_plot.pd
f, id=126, 578.16pt x 722.7pt>
File: archive:pre-Sep2026-costar-rerun:/figures/raw/fig1_IndusryBackgroundTS_pl
ot.pdf Graphic file (type pdf)
<use archive:pre-Sep2026-costar-rerun:/figures/raw/fig1_IndusryBackgroundTS_plo
t.pdf>
Package pdftex.def Info: archive:pre-Sep2026-costar-rerun:/figures/raw/fig1_Ind
usryBackgroundTS_plot.pdf  used on input line 49.
(pdftex.def)             Requested size: 549.2577pt x 686.57213pt.
<figures/raw/fig1_IndusryBackgroundTS_plot.pdf, id=127, 578.16pt x 722.7pt>
File: figures/raw/fig1_IndusryBackgroundTS_plot.pdf Graphic file (type pdf)
<use figures/raw/fig1_IndusryBackgroundTS_plot.pdf>
Package pdftex.def Info: figures/raw/fig1_IndusryBackgroundTS_plot.pdf  used on
 input line 49.
(pdftex.def)             Requested size: 549.2577pt x 686.57213pt.
 [6 <./archive:pre-Sep2026-costar-rerun:/figures/raw/fig1_IndusryBackgroundTS_p
lot.pdf> <./figures/raw/fig1_IndusryBackgroundTS_plot.pdf>]
<archive:pre-Sep2026-costar-rerun:/figures/raw/TOT-raw.pdf, id=143, 650.43pt x 
505.89pt>
File: archive:pre-Sep2026-costar-rerun:/figures/raw/TOT-raw.pdf Graphic file (t
ype pdf)
<use archive:pre-Sep2026-costar-rerun:/figures/raw/TOT-raw.pdf>
Package pdftex.def Info: archive:pre-Sep2026-costar-rerun:/figures/raw/TOT-raw.
pdf  used on input line 56.
(pdftex.def)             Requested size: 679.38882pt x 528.41351pt.
<figures/raw/TOT-raw.pdf, id=144, 650.43pt x 505.89pt>
File: figures/raw/TOT-raw.pdf Graphic file (type pdf)
<use figures/raw/TOT-raw.pdf>
Package pdftex.def Info: figures/raw/TOT-raw.pdf  used on input line 56.
(pdftex.def)             Requested size: 679.38882pt x 528.41351pt.
 [7 <./archive:pre-Sep2026-costar-rerun:/figures/raw/TOT-raw.pdf> <./figures/ra
w/TOT-raw.pdf>]

pdfTeX warning: pdflatex (file ./archive:pre-Sep2026-costar-rerun:/figures/raw/
fig2-barplot-summary.pdf): PDF inclusion: found PDF version <1.6>, but at most 
version <1.5> allowed
<archive:pre-Sep2026-costar-rerun:/figures/raw/fig2-barplot-summary.pdf, id=161
, 582.175pt x 286.06876pt>
File: archive:pre-Sep2026-costar-rerun:/figures/raw/fig2-barplot-summary.pdf Gr
aphic file (type pdf)
<use archive:pre-Sep2026-costar-rerun:/figures/raw/fig2-barplot-summary.pdf>
Package pdftex.def Info: archive:pre-Sep2026-costar-rerun:/figures/raw/fig2-bar
plot-summary.pdf  used on input line 63.
(pdftex.def)             Requested size: 679.39201pt x 333.83917pt.
<figures/raw/fig2-barplot-summary.pdf, id=162, 722.7pt x 325.215pt>
File: figures/raw/fig2-barplot-summary.pdf Graphic file (type pdf)
<use figures/raw/fig2-barplot-summary.pdf>
Package pdftex.def Info: figures/raw/fig2-barplot-summary.pdf  used on input li
ne 63.
(pdftex.def)             Requested size: 679.33809pt x 305.70213pt.
[8 <./archive:pre-Sep2026-costar-rerun:/figures/raw/fig2-barplot-summary.pdf> <
./figures/raw/fig2-barplot-summary.pdf>]
<archive:pre-Sep2026-costar-rerun:/figures/raw/figAX-4group-pooled-est.pdf, id=
195, 578.16pt x 361.35pt>
File: archive:pre-Sep2026-costar-rerun:/figures/raw/figAX-4group-pooled-est.pdf
 Graphic file (type pdf)
<use archive:pre-Sep2026-costar-rerun:/figures/raw/figAX-4group-pooled-est.pdf>

Package pdftex.def Info: archive:pre-Sep2026-costar-rerun:/figures/raw/figAX-4g
roup-pooled-est.pdf  used on input line 70.
(pdftex.def)             Requested size: 679.37338pt x 424.60837pt.
<figures/raw/figAX-4group-pooled-est.pdf, id=196, 578.16pt x 361.35pt>
File: figures/raw/figAX-4group-pooled-est.pdf Graphic file (type pdf)
<use figures/raw/figAX-4group-pooled-est.pdf>
Package pdftex.def Info: figures/raw/figAX-4group-pooled-est.pdf  used on input
 line 70.
(pdftex.def)             Requested size: 679.37338pt x 424.60837pt.
 [9 <./archive:pre-Sep2026-costar-rerun:/figures/raw/figAX-4group-pooled-est.pd
f> <./figures/raw/figAX-4group-pooled-est.pdf>]
<archive:pre-Sep2026-costar-rerun:/figures/raw/figAX-eventStudyReg.pdf, id=212,
 722.7pt x 289.08pt>
File: archive:pre-Sep2026-costar-rerun:/figures/raw/figAX-eventStudyReg.pdf Gra
phic file (type pdf)
<use archive:pre-Sep2026-costar-rerun:/figures/raw/figAX-eventStudyReg.pdf>
Package pdftex.def Info: archive:pre-Sep2026-costar-rerun:/figures/raw/figAX-ev
entStudyReg.pdf  used on input line 77.
(pdftex.def)             Requested size: 679.33809pt x 271.73523pt.
<figures/raw/figAX-eventStudyReg.pdf, id=213, 722.7pt x 289.08pt>
File: figures/raw/figAX-eventStudyReg.pdf Graphic file (type pdf)
<use figures/raw/figAX-eventStudyReg.pdf>
Package pdftex.def Info: figures/raw/figAX-eventStudyReg.pdf  used on input lin
e 77.
(pdftex.def)             Requested size: 679.33809pt x 271.73523pt.
 [10 <./archive:pre-Sep2026-costar-rerun:/figures/raw/figAX-eventStudyReg.pdf> 
<./figures/raw/figAX-eventStudyReg.pdf>]

pdfTeX warning: pdflatex (file ./archive:pre-Sep2026-costar-rerun:/figures/raw/
figAX-pooled-est-byControls.pdf): PDF inclusion: found PDF version <1.6>, but a
t most version <1.5> allowed
<archive:pre-Sep2026-costar-rerun:/figures/raw/figAX-pooled-est-byControls.pdf,
 id=229, 880.28876pt x 433.62pt>
File: archive:pre-Sep2026-costar-rerun:/figures/raw/figAX-pooled-est-byControls
.pdf Graphic file (type pdf)
<use archive:pre-Sep2026-costar-rerun:/figures/raw/figAX-pooled-est-byControls.
pdf>
Package pdftex.def Info: archive:pre-Sep2026-costar-rerun:/figures/raw/figAX-po
oled-est-byControls.pdf  used on input line 84.
(pdftex.def)             Requested size: 679.3557pt x 334.64272pt.
<figures/raw/figAX-pooled-est-byControls.pdf, id=230, 867.24pt x 433.62pt>
File: figures/raw/figAX-pooled-est-byControls.pdf Graphic file (type pdf)
<use figures/raw/figAX-pooled-est-byControls.pdf>
Package pdftex.def Info: figures/raw/figAX-pooled-est-byControls.pdf  used on i
nput line 84.
(pdftex.def)             Requested size: 679.36899pt x 339.68448pt.
[11 <./archive:pre-Sep2026-costar-rerun:/figures/raw/figAX-pooled-est-byControl
s.pdf> <./figures/raw/figAX-pooled-est-byControls.pdf>]

pdfTeX warning: pdflatex (file ./archive:pre-Sep2026-costar-rerun:/figures/raw/
figAX-pooled-est-byTreatControls.pdf): PDF inclusion: found PDF version <1.6>, 
but at most version <1.5> allowed
<archive:pre-Sep2026-costar-rerun:/figures/raw/figAX-pooled-est-byTreatControls
.pdf, id=262, 1070.55966pt x 400.17706pt>
File: archive:pre-Sep2026-costar-rerun:/figures/raw/figAX-pooled-est-byTreatCon
trols.pdf Graphic file (type pdf)
<use archive:pre-Sep2026-costar-rerun:/figures/raw/figAX-pooled-est-byTreatCont
rols.pdf>
Package pdftex.def Info: archive:pre-Sep2026-costar-rerun:/figures/raw/figAX-po
oled-est-byTreatControls.pdf  used on input line 91.
(pdftex.def)             Requested size: 679.37312pt x 253.95084pt.
<figures/raw/figAX-pooled-est-byTreatControls.pdf, id=263, 867.24pt x 433.62pt>

File: figures/raw/figAX-pooled-est-byTreatControls.pdf Graphic file (type pdf)
<use figures/raw/figAX-pooled-est-byTreatControls.pdf>
Package pdftex.def Info: figures/raw/figAX-pooled-est-byTreatControls.pdf  used
 on input line 91.
(pdftex.def)             Requested size: 679.36899pt x 339.68448pt.
[12 <./archive:pre-Sep2026-costar-rerun:/figures/raw/figAX-pooled-est-byTreatCo
ntrols.pdf> <./figures/raw/figAX-pooled-est-byTreatControls.pdf>]
<archive:pre-Sep2026-costar-rerun:/figures/raw/FigAX-differentOutcomes.pdf, id=
295, 433.62pt x 289.08pt>
File: archive:pre-Sep2026-costar-rerun:/figures/raw/FigAX-differentOutcomes.pdf
 Graphic file (type pdf)
<use archive:pre-Sep2026-costar-rerun:/figures/raw/FigAX-differentOutcomes.pdf>

Package pdftex.def Info: archive:pre-Sep2026-costar-rerun:/figures/raw/FigAX-di
fferentOutcomes.pdf  used on input line 98.
(pdftex.def)             Requested size: 679.4219pt x 452.94792pt.
<figures/raw/FigAX-differentOutcomes.pdf, id=296, 433.62pt x 289.08pt>
File: figures/raw/FigAX-differentOutcomes.pdf Graphic file (type pdf)
<use figures/raw/FigAX-differentOutcomes.pdf>
Package pdftex.def Info: figures/raw/FigAX-differentOutcomes.pdf  used on input
 line 98.
(pdftex.def)             Requested size: 679.4219pt x 452.94792pt.
 [13 <./archive:pre-Sep2026-costar-rerun:/figures/raw/FigAX-differentOutcomes.p
df> <./figures/raw/FigAX-differentOutcomes.pdf>]
<archive:pre-Sep2026-costar-rerun:/figures/raw/EDD-hotel-employment-index.pdf, 
id=312, 650.43pt x 397.485pt>
File: archive:pre-Sep2026-costar-rerun:/figures/raw/EDD-hotel-employment-index.
pdf Graphic file (type pdf)
<use archive:pre-Sep2026-costar-rerun:/figures/raw/EDD-hotel-employment-index.p
df>
Package pdftex.def Info: archive:pre-Sep2026-costar-rerun:/figures/raw/EDD-hote
l-employment-index.pdf  used on input line 105.
(pdftex.def)             Requested size: 679.38882pt x 415.18205pt.
<figures/raw/EDD-hotel-employment-index.pdf, id=313, 650.43pt x 397.485pt>
File: figures/raw/EDD-hotel-employment-index.pdf Graphic file (type pdf)
<use figures/raw/EDD-hotel-employment-index.pdf>
Package pdftex.def Info: figures/raw/EDD-hotel-employment-index.pdf  used on in
put line 105.
(pdftex.def)             Requested size: 679.38882pt x 415.18205pt.
 [14 <./archive:pre-Sep2026-costar-rerun:/figures/raw/EDD-hotel-employment-inde
x.pdf> <./figures/raw/EDD-hotel-employment-index.pdf>]
<archive:pre-Sep2026-costar-rerun:/figures/raw/EDD-hotel-quarterly-outcomes-ind
ex.pdf, id=335, 722.7pt x 578.16pt>
File: archive:pre-Sep2026-costar-rerun:/figures/raw/EDD-hotel-quarterly-outcome
s-index.pdf Graphic file (type pdf)
<use archive:pre-Sep2026-costar-rerun:/figures/raw/EDD-hotel-quarterly-outcomes
-index.pdf>
Package pdftex.def Info: archive:pre-Sep2026-costar-rerun:/figures/raw/EDD-hote
l-quarterly-outcomes-index.pdf  used on input line 112.
(pdftex.def)             Requested size: 679.33809pt x 543.47047pt.
<figures/raw/EDD-hotel-quarterly-outcomes-index.pdf, id=336, 722.7pt x 578.16pt
>
File: figures/raw/EDD-hotel-quarterly-outcomes-index.pdf Graphic file (type pdf
)
<use figures/raw/EDD-hotel-quarterly-outcomes-index.pdf>
Package pdftex.def Info: figures/raw/EDD-hotel-quarterly-outcomes-index.pdf  us
ed on input line 112.
(pdftex.def)             Requested size: 679.33809pt x 543.47047pt.
 [15 <./archive:pre-Sep2026-costar-rerun:/figures/raw/EDD-hotel-quarterly-outco
mes-index.pdf> <./figures/raw/EDD-hotel-quarterly-outcomes-index.pdf>]
<archive:pre-Sep2026-costar-rerun:/figures/raw/EDD-hotel-regression-coefficient
s.pdf, id=358, 686.565pt x 361.35pt>
File: archive:pre-Sep2026-costar-rerun:/figures/raw/EDD-hotel-regression-coeffi
cients.pdf Graphic file (type pdf)
<use archive:pre-Sep2026-costar-rerun:/figures/raw/EDD-hotel-regression-coeffic
ients.pdf>
Package pdftex.def Info: archive:pre-Sep2026-costar-rerun:/figures/raw/EDD-hote
l-regression-coefficients.pdf  used on input line 119.
(pdftex.def)             Requested size: 679.3348pt x 357.54463pt.
<figures/raw/EDD-hotel-regression-coefficients.pdf, id=359, 686.565pt x 361.35p
t>
File: figures/raw/EDD-hotel-regression-coefficients.pdf Graphic file (type pdf)

<use figures/raw/EDD-hotel-regression-coefficients.pdf>
Package pdftex.def Info: figures/raw/EDD-hotel-regression-coefficients.pdf  use
d on input line 119.
(pdftex.def)             Requested size: 679.3348pt x 357.54463pt.
[16 <./archive:pre-Sep2026-costar-rerun:/figures/raw/EDD-hotel-regression-coeff
icients.pdf> <./figures/raw/EDD-hotel-regression-coefficients.pdf>]
<archive:pre-Sep2026-costar-rerun:/figures/raw/EDD-hotel-employment-event-study
.pdf, id=375, 1011.78pt x 397.485pt>
File: archive:pre-Sep2026-costar-rerun:/figures/raw/EDD-hotel-employment-event-
study.pdf Graphic file (type pdf)
<use archive:pre-Sep2026-costar-rerun:/figures/raw/EDD-hotel-employment-event-s
tudy.pdf>
Package pdftex.def Info: archive:pre-Sep2026-costar-rerun:/figures/raw/EDD-hote
l-employment-event-study.pdf  used on input line 126.
(pdftex.def)             Requested size: 679.35574pt x 266.88974pt.
<figures/raw/EDD-hotel-employment-event-study.pdf, id=376, 1011.78pt x 397.485p
t>
File: figures/raw/EDD-hotel-employment-event-study.pdf Graphic file (type pdf)
<use figures/raw/EDD-hotel-employment-event-study.pdf>
Package pdftex.def Info: figures/raw/EDD-hotel-employment-event-study.pdf  used
 on input line 126.
(pdftex.def)             Requested size: 679.35574pt x 266.88974pt.
 [17 <./archive:pre-Sep2026-costar-rerun:/figures/raw/EDD-hotel-employment-even
t-study.pdf> <./figures/raw/EDD-hotel-employment-event-study.pdf>]
<archive:pre-Sep2026-costar-rerun:/figures/raw/EDD-LA-city-hotel-employment-all
ocated.pdf, id=392, 722.7pt x 578.16pt>
File: archive:pre-Sep2026-costar-rerun:/figures/raw/EDD-LA-city-hotel-employmen
t-allocated.pdf Graphic file (type pdf)
<use archive:pre-Sep2026-costar-rerun:/figures/raw/EDD-LA-city-hotel-employment
-allocated.pdf>
Package pdftex.def Info: archive:pre-Sep2026-costar-rerun:/figures/raw/EDD-LA-c
ity-hotel-employment-allocated.pdf  used on input line 133.
(pdftex.def)             Requested size: 679.33809pt x 543.47047pt.
<figures/raw/EDD-LA-city-hotel-employment-allocated.pdf, id=393, 722.7pt x 578.
16pt>
File: figures/raw/EDD-LA-city-hotel-employment-allocated.pdf Graphic file (type
 pdf)
<use figures/raw/EDD-LA-city-hotel-employment-allocated.pdf>
Package pdftex.def Info: figures/raw/EDD-LA-city-hotel-employment-allocated.pdf
  used on input line 133.
(pdftex.def)             Requested size: 679.33809pt x 543.47047pt.
 [18 <./archive:pre-Sep2026-costar-rerun:/figures/raw/EDD-LA-city-hotel-employm
ent-allocated.pdf> <./figures/raw/EDD-LA-city-hotel-employment-allocated.pdf>]
<archive:pre-Sep2026-costar-rerun:/figures/raw/Map_LA_treatedVSuntreated_raw.pd
f, id=415, 650.43pt x 433.62pt>
File: archive:pre-Sep2026-costar-rerun:/figures/raw/Map_LA_treatedVSuntreated_r
aw.pdf Graphic file (type pdf)
<use archive:pre-Sep2026-costar-rerun:/figures/raw/Map_LA_treatedVSuntreated_ra
w.pdf>
Package pdftex.def Info: archive:pre-Sep2026-costar-rerun:/figures/raw/Map_LA_t
reatedVSuntreated_raw.pdf  used on input line 140.
(pdftex.def)             Requested size: 679.38882pt x 452.92589pt.
<figures/raw/Map_LA_treatedVSuntreated_raw.pdf, id=416, 650.43pt x 433.62pt>
File: figures/raw/Map_LA_treatedVSuntreated_raw.pdf Graphic file (type pdf)
<use figures/raw/Map_LA_treatedVSuntreated_raw.pdf>
Package pdftex.def Info: figures/raw/Map_LA_treatedVSuntreated_raw.pdf  used on
 input line 140.
(pdftex.def)             Requested size: 679.38882pt x 452.92589pt.
 [19 <./archive:pre-Sep2026-costar-rerun:/figures/raw/Map_LA_treatedVSuntreated
_raw.pdf> <./figures/raw/Map_LA_treatedVSuntreated_raw.pdf>]
<archive:pre-Sep2026-costar-rerun:/figures/raw/Map_LA_treatedVSuntreated_analys
isSample_raw.pdf, id=446, 650.43pt x 433.62pt>
File: archive:pre-Sep2026-costar-rerun:/figures/raw/Map_LA_treatedVSuntreated_a
nalysisSample_raw.pdf Graphic file (type pdf)
<use archive:pre-Sep2026-costar-rerun:/figures/raw/Map_LA_treatedVSuntreated_an
alysisSample_raw.pdf>
Package pdftex.def Info: archive:pre-Sep2026-costar-rerun:/figures/raw/Map_LA_t
reatedVSuntreated_analysisSample_raw.pdf  used on input line 147.
(pdftex.def)             Requested size: 679.38882pt x 452.92589pt.
<figures/raw/Map_LA_treatedVSuntreated_analysisSample_raw.pdf, id=447, 650.43pt
 x 433.62pt>
File: figures/raw/Map_LA_treatedVSuntreated_analysisSample_raw.pdf Graphic file
 (type pdf)
<use figures/raw/Map_LA_treatedVSuntreated_analysisSample_raw.pdf>
Package pdftex.def Info: figures/raw/Map_LA_treatedVSuntreated_analysisSample_r
aw.pdf  used on input line 147.
(pdftex.def)             Requested size: 679.38882pt x 452.92589pt.
 [20 <./archive:pre-Sep2026-costar-rerun:/figures/raw/Map_LA_treatedVSuntreated
_analysisSample_raw.pdf> <./figures/raw/Map_LA_treatedVSuntreated_analysisSampl
e_raw.pdf>]
<archive:pre-Sep2026-costar-rerun:/figures/raw/Map_LA_treatedVSuntreated_downto
wn_raw.pdf, id=475, 433.62pt x 433.62pt>
File: archive:pre-Sep2026-costar-rerun:/figures/raw/Map_LA_treatedVSuntreated_d
owntown_raw.pdf Graphic file (type pdf)
<use archive:pre-Sep2026-costar-rerun:/figures/raw/Map_LA_treatedVSuntreated_do
wntown_raw.pdf>
Package pdftex.def Info: archive:pre-Sep2026-costar-rerun:/figures/raw/Map_LA_t
reatedVSuntreated_downtown_raw.pdf  used on input line 154.
(pdftex.def)             Requested size: 679.4219pt x 679.4219pt.
<figures/raw/Map_LA_treatedVSuntreated_downtown_raw.pdf, id=476, 433.62pt x 433
.62pt>
File: figures/raw/Map_LA_treatedVSuntreated_downtown_raw.pdf Graphic file (type
 pdf)
<use figures/raw/Map_LA_treatedVSuntreated_downtown_raw.pdf>
Package pdftex.def Info: figures/raw/Map_LA_treatedVSuntreated_downtown_raw.pdf
  used on input line 154.
(pdftex.def)             Requested size: 679.4219pt x 679.4219pt.
 [21 <./archive:pre-Sep2026-costar-rerun:/figures/raw/Map_LA_treatedVSuntreated
_downtown_raw.pdf> <./figures/raw/Map_LA_treatedVSuntreated_downtown_raw.pdf>]
<archive:pre-Sep2026-costar-rerun:/figures/raw/Map_LA_treatedVSuntreated_westsi
de_raw.pdf, id=504, 433.62pt x 433.62pt>
File: archive:pre-Sep2026-costar-rerun:/figures/raw/Map_LA_treatedVSuntreated_w
estside_raw.pdf Graphic file (type pdf)
<use archive:pre-Sep2026-costar-rerun:/figures/raw/Map_LA_treatedVSuntreated_we
stside_raw.pdf>
Package pdftex.def Info: archive:pre-Sep2026-costar-rerun:/figures/raw/Map_LA_t
reatedVSuntreated_westside_raw.pdf  used on input line 161.
(pdftex.def)             Requested size: 679.4219pt x 679.4219pt.
<figures/raw/Map_LA_treatedVSuntreated_westside_raw.pdf, id=505, 433.62pt x 433
.62pt>
File: figures/raw/Map_LA_treatedVSuntreated_westside_raw.pdf Graphic file (type
 pdf)
<use figures/raw/Map_LA_treatedVSuntreated_westside_raw.pdf>
Package pdftex.def Info: figures/raw/Map_LA_treatedVSuntreated_westside_raw.pdf
  used on input line 161.
(pdftex.def)             Requested size: 679.4219pt x 679.4219pt.
 [22 <./archive:pre-Sep2026-costar-rerun:/figures/raw/Map_LA_treatedVSuntreated
_westside_raw.pdf> <./figures/raw/Map_LA_treatedVSuntreated_westside_raw.pdf>]
<archive:pre-Sep2026-costar-rerun:/figures/raw/Map_LA_treatedVSuntreated_lax_ra
w.pdf, id=533, 433.62pt x 433.62pt>
File: archive:pre-Sep2026-costar-rerun:/figures/raw/Map_LA_treatedVSuntreated_l
ax_raw.pdf Graphic file (type pdf)
<use archive:pre-Sep2026-costar-rerun:/figures/raw/Map_LA_treatedVSuntreated_la
x_raw.pdf>
Package pdftex.def Info: archive:pre-Sep2026-costar-rerun:/figures/raw/Map_LA_t
reatedVSuntreated_lax_raw.pdf  used on input line 168.
(pdftex.def)             Requested size: 679.4219pt x 679.4219pt.
<figures/raw/Map_LA_treatedVSuntreated_lax_raw.pdf, id=534, 433.62pt x 433.62pt
>
File: figures/raw/Map_LA_treatedVSuntreated_lax_raw.pdf Graphic file (type pdf)

<use figures/raw/Map_LA_treatedVSuntreated_lax_raw.pdf>
Package pdftex.def Info: figures/raw/Map_LA_treatedVSuntreated_lax_raw.pdf  use
d on input line 168.
(pdftex.def)             Requested size: 679.4219pt x 679.4219pt.
 [23 <./archive:pre-Sep2026-costar-rerun:/figures/raw/Map_LA_treatedVSuntreated
_lax_raw.pdf> <./figures/raw/Map_LA_treatedVSuntreated_lax_raw.pdf>]
<archive:pre-Sep2026-costar-rerun:/figures/raw/PUMA-LA-city-border-CoStar-refer
ence.pdf, id=562, 650.43pt x 505.89pt>
File: archive:pre-Sep2026-costar-rerun:/figures/raw/PUMA-LA-city-border-CoStar-
reference.pdf Graphic file (type pdf)
<use archive:pre-Sep2026-costar-rerun:/figures/raw/PUMA-LA-city-border-CoStar-r
eference.pdf>
Package pdftex.def Info: archive:pre-Sep2026-costar-rerun:/figures/raw/PUMA-LA-
city-border-CoStar-reference.pdf  used on input line 175.
(pdftex.def)             Requested size: 679.38882pt x 528.41351pt.
<figures/raw/PUMA-LA-city-border-CoStar-reference.pdf, id=563, 650.43pt x 505.8
9pt>
File: figures/raw/PUMA-LA-city-border-CoStar-reference.pdf Graphic file (type p
df)
<use figures/raw/PUMA-LA-city-border-CoStar-reference.pdf>
Package pdftex.def Info: figures/raw/PUMA-LA-city-border-CoStar-reference.pdf  
used on input line 175.
(pdftex.def)             Requested size: 679.38882pt x 528.41351pt.
 [24 <./archive:pre-Sep2026-costar-rerun:/figures/raw/PUMA-LA-city-border-CoSta
r-reference.pdf> <./figures/raw/PUMA-LA-city-border-CoStar-reference.pdf>]
<archive:pre-Sep2026-costar-rerun:/figures/raw/PUMA-countywide-hotel-treatment.
pdf, id=592, 722.7pt x 433.62pt>
File: archive:pre-Sep2026-costar-rerun:/figures/raw/PUMA-countywide-hotel-treat
ment.pdf Graphic file (type pdf)
<use archive:pre-Sep2026-costar-rerun:/figures/raw/PUMA-countywide-hotel-treatm
ent.pdf>
Package pdftex.def Info: archive:pre-Sep2026-costar-rerun:/figures/raw/PUMA-cou
ntywide-hotel-treatment.pdf  used on input line 182.
(pdftex.def)             Requested size: 679.33809pt x 407.60286pt.
<figures/raw/PUMA-countywide-hotel-treatment.pdf, id=593, 722.7pt x 433.62pt>
File: figures/raw/PUMA-countywide-hotel-treatment.pdf Graphic file (type pdf)
<use figures/raw/PUMA-countywide-hotel-treatment.pdf>
Package pdftex.def Info: figures/raw/PUMA-countywide-hotel-treatment.pdf  used 
on input line 182.
(pdftex.def)             Requested size: 679.33809pt x 407.60286pt.
 [25 <./archive:pre-Sep2026-costar-rerun:/figures/raw/PUMA-countywide-hotel-tre
atment.pdf> <./figures/raw/PUMA-countywide-hotel-treatment.pdf>]
<archive:pre-Sep2026-costar-rerun:/figures/raw/PUMA-hotel-room-treatment.pdf, i
d=610, 722.7pt x 433.62pt>
File: archive:pre-Sep2026-costar-rerun:/figures/raw/PUMA-hotel-room-treatment.p
df Graphic file (type pdf)
<use archive:pre-Sep2026-costar-rerun:/figures/raw/PUMA-hotel-room-treatment.pd
f>
Package pdftex.def Info: archive:pre-Sep2026-costar-rerun:/figures/raw/PUMA-hot
el-room-treatment.pdf  used on input line 189.
(pdftex.def)             Requested size: 679.33809pt x 407.60286pt.
<figures/raw/PUMA-hotel-room-treatment.pdf, id=611, 722.7pt x 433.62pt>
File: figures/raw/PUMA-hotel-room-treatment.pdf Graphic file (type pdf)
<use figures/raw/PUMA-hotel-room-treatment.pdf>
Package pdftex.def Info: figures/raw/PUMA-hotel-room-treatment.pdf  used on inp
ut line 189.
(pdftex.def)             Requested size: 679.33809pt x 407.60286pt.
 [26 <./archive:pre-Sep2026-costar-rerun:/figures/raw/PUMA-hotel-room-treatment
.pdf> <./figures/raw/PUMA-hotel-room-treatment.pdf>]
<archive:pre-Sep2026-costar-rerun:/figures/raw/PUMA-hotel-room-treatment-histog
rams.pdf, id=627, 722.7pt x 397.485pt>
File: archive:pre-Sep2026-costar-rerun:/figures/raw/PUMA-hotel-room-treatment-h
istograms.pdf Graphic file (type pdf)
<use archive:pre-Sep2026-costar-rerun:/figures/raw/PUMA-hotel-room-treatment-hi
stograms.pdf>
Package pdftex.def Info: archive:pre-Sep2026-costar-rerun:/figures/raw/PUMA-hot
el-room-treatment-histograms.pdf  used on input line 196.
(pdftex.def)             Requested size: 679.33809pt x 373.63594pt.
<figures/raw/PUMA-hotel-room-treatment-histograms.pdf, id=628, 722.7pt x 397.48
5pt>
File: figures/raw/PUMA-hotel-room-treatment-histograms.pdf Graphic file (type p
df)
<use figures/raw/PUMA-hotel-room-treatment-histograms.pdf>
Package pdftex.def Info: figures/raw/PUMA-hotel-room-treatment-histograms.pdf  
used on input line 196.
(pdftex.def)             Requested size: 679.33809pt x 373.63594pt.
 [27 <./archive:pre-Sep2026-costar-rerun:/figures/raw/PUMA-hotel-room-treatment
-histograms.pdf> <./figures/raw/PUMA-hotel-room-treatment-histograms.pdf>]
(output/hotel-figure-comparison/hotel-figures-before-after.aux) ) 
Here is how much of TeX's memory you used:
 2998 strings out of 478268
 67862 string characters out of 5846347
 334709 words of memory out of 5000000
 21170 multiletter control sequences out of 15000+600000
 482004 words of font info for 37 fonts, out of 8000000 for 9000
 1141 hyphenation exceptions out of 8191
 60i,12n,67p,480b,243s stack positions out of 10000i,1000n,20000p,200000b,200000s
{/usr/local/te
xlive/2022/texmf-dist/fonts/enc/dvips/base/8r.enc}</usr/local/texlive/2022/texm
f-dist/fonts/type1/urw/helvetic/uhvb8a.pfb></usr/local/texlive/2022/texmf-dist/
fonts/type1/urw/helvetic/uhvr8a.pfb>
Output written on output/hotel-figure-comparison/hotel-figures-before-after.pdf
 (27 pages, 10078499 bytes).
PDF statistics:
 656 PDF objects out of 1000 (max. 8388607)
 468 compressed objects within 5 object streams
 0 named destinations out of 1000 (max. 500000)
 271 words of extra memory for PDF output out of 10000 (max. 10000000)

